// Jest Snapshot v1, https://goo.gl/fbAQLP

exports[`Should render EditExpensePage 1`] = `
<div>
  <ExpenseForm
    expense={
      Object {
        "amount": 7000,
        "createdAt": 345600000,
        "description": "Credit",
        "id": "3",
      }
    }
    onSubmit={[Function]}
  />
  <button
    onClick={[Function]}
  >
    Remove
  </button>
</div>
`;
