// Jest Snapshot v1, https://goo.gl/fbAQLP

exports[`Should render expense list with empty message 1`] = `
<div>
  <p>
     There are no expenses...
    <br />
    Add from create menu
  </p>
</div>
`;

exports[`Should render expense list with expenses 1`] = `
<div>
  <ExpenseListItem
    amount={9000}
    createdAt={0}
    description="Rent"
    id="1"
    key="1"
    note=""
  />
  <ExpenseListItem
    amount={8000}
    createdAt={-345600000}
    description="Bill"
    id="2"
    key="2"
    note="To be paid soon"
  />
  <ExpenseListItem
    amount={7000}
    createdAt={345600000}
    description="Credit"
    id="3"
    key="3"
    note="From a friend"
  />
</div>
`;
