// Jest Snapshot v1, https://goo.gl/fbAQLP

exports[`Should render expense list item correctly 1`] = `
<div>
  <Link
    replace={false}
    to="/edit/1"
  >
    <h3>
      Rent
    </h3>
  </Link>
  <p>
    Amount: 
    $90.00
    <br />
    Created: 
    1/1/1970
    <br />
  </p>
</div>
`;
