// Jest Snapshot v1, https://goo.gl/fbAQLP

exports[`should render header correctly 1`] = `
<header>
  <h1>
    Expensify
  </h1>
  <NavLink
    activeClassName="active"
    aria-current="page"
    to="/dashboard"
  >
     Home 
  </NavLink>
  <NavLink
    activeClassName="active"
    aria-current="page"
    to="/create"
  >
    Create Expense
  </NavLink>
  <button
    onClick={[Function]}
  >
    Log out
  </button>
  <hr />
</header>
`;
