// Jest Snapshot v1, https://goo.gl/fbAQLP

exports[`should render header correctly 1`] = `
<div
  className="parent"
>
  <div
    className="hollowLoader"
  >
    <div
      className="largeBox"
    />
    <div
      className="smallBox"
    />
  </div>
</div>
`;
